src/components/layout/Footer.tsx(5,3): error TS6133: 'ShoppingBag' is declared but its value is never read.
src/components/ui/WhatsAppButton.tsx(177,8): error TS2367: This comparison appears to be unintentional because the types '"small" | "primary"' and '"floating"' have no overlap.
src/pages/HomePage.tsx(1,20): error TS6133: 'useEffect' is declared but its value is never read.
